
+-----------------+-----------<fg=black;bg=yellow;options=bold> Code coverage results </>---------------+-------------+
|<bold>     Pattern     </bold>|<bold>  Expected  </bold>|<bold>  Actual  </bold>|<bold>                         </bold>|<bold>   Exit on<fg=default;bg=default></>   </bold>|
|<bold>                 </bold>|<bold>            </bold>|<bold>          </bold>|<bold>                         </bold>|<bold>    fail?    </bold>|
+-----------------+------------+----------+-------------------------+-------------+
|<fg=default;bg=default> Total           </>|    20%     |  <success>28.57%</success>  |<fg=default;bg=default> <bold>30</bold> of 105 lines covered </>|     Yes     |
+-----------------+------------+----------+-------------------------+-------------+
|<success>    All minimum code coverage rules passed, give yourself a pat on the back!     </success>|
+-----------------+------------+----------+-------------------------+-------------+
Time: 00:00.350, Memory: 12.00 MB